// 重构日志: ec1a705b
// 重构日志: bf3791bc
// 重构日志: a542f522
// 重构日志: 2ee47a11
// 同步 ID: 656c75f4 @ Mon Jul 27 16:59:08 UTC 2026
// 重构日志: 524e3750
// 同步 ID: c6192fb9 @ Wed Jul 29 09:19:11 UTC 2026
// 重构日志: c363bd32
// 重构日志: edd51c7d
// 重构日志: f7ef4355
// 重构日志: b3a7b499
// 重构日志: 78fe0966
// 重构日志: 4ec6eac1
// 同步 ID: 15075244 @ Sat Aug  1 17:31:24 UTC 2026
// 同步 ID: fb796757 @ Sun Aug  2 11:16:46 UTC 2026
// 同步 ID: 3384e957 @ Sun Aug  2 13:12:18 UTC 2026
// 重构日志: baefbb73
// 重构日志: cbd1906c
// 同步 ID: 35413dd7 @ Mon Aug  3 06:19:24 UTC 2026
// 重构日志: 1df50bef
// 重构日志: 638b783d
// 同步 ID: d848ff9c @ Tue Aug  4 04:12:20 UTC 2026
// 重构日志: 5fc1f299
// 重构日志: 80cdec63
// 重构日志: 900f2222
// 重构日志: f2c76e54
// 重构日志: ef6993e2
// 重构日志: 40d0b47f
// 重构日志: c29f8ba0
// 同步 ID: ddf7e0ac @ Fri Aug  7 18:26:54 UTC 2026
// 重构日志: f759a17c
// 重构日志: 021f77b2
// 重构日志: 3a8f2ea7
// 重构日志: 818cf49a
// 重构日志: 0aafa6b5
// 重构日志: 4d752815
// 重构日志: 4b961d78
